{
  "data": {
    "versions": [
      {
        "id": "63c48c70e1189f714bcdaf1b",
        "createdOn": 1673825388570,
        "createdBy": "1f2a74bc-f5a5-46f2-aad3-a2916827be18",
        "modifiedOn": null,
        "modifiedBy": null,
        "version": 1,
        "metadata": {
          "pageId": "commentary",
          "workflowInstanceId": "test_workflow",
          "mfeIdentifier": "widget_0"
        },
        "data": {
          "text": "commentary 1"
        }
      },
      {
        "id": "63c48c74e1189f714bcdaf1c",
        "createdOn": 1673825388570,
        "createdBy": "1f2a74bc-f5a5-46f2-aad3-a2916827be18",
        "modifiedOn": 1673825392523,
        "modifiedBy": "1f2a74bc-f5a5-46f2-aad3-a2916827be18",
        "version": 2,
        "metadata": {
          "pageId": "commentary",
          "workflowInstanceId": "test_workflow",
          "mfeIdentifier": "widget_0"
        },
        "data": {
          "text": "commentary 2"
        }
      },
      {
        "id": "63c48c7de1189f714bcdaf1d",
        "createdOn": 1673825388570,
        "createdBy": "1f2a74bc-f5a5-46f2-aad3-a2916827be18",
        "modifiedOn": 1673825396673,
        "modifiedBy": "1f2a74bc-f5a5-46f2-aad3-a2916827be18",
        "version": 3,
        "metadata": {
          "pageId": "commentary",
          "workflowInstanceId": "test_workflow",
          "mfeIdentifier": "widget_0"
        },
        "data": {
          "text": "commentary 3"
        }
      }
    ]
  }
}
